---
apiVersion: apps/v1
kind: Deployment
metadata:
  name: example-nginx
  labels:
    app: example
    component: nginx
spec:
  template:
    spec:
      imagePullSecrets:
      - name: app-slug-registry
---
apiVersion: apps/v1
kind: Deployment
metadata:
  name: example-nginx
  labels:
    app: example
    component: nginx
spec:
  template:
    spec:
      imagePullSecrets:
      - name: app-slug-kotsadm-dockerhub
