kind: PersistentVolumeClaim
apiVersion: v1
metadata:
  name: sentry
  labels:
    app: sentry
spec:
  accessModes:
    - "ReadWriteOnce"
  resources:
    requests:
      storage: "100Gi"
